// Jest Snapshot v1, https://goo.gl/fbAQLP

exports[`App renders correctly 1`] = `
<div
  className="App"
>
  <main
    className="main"
  >
    <section
      className="hsv"
    >
      <canvas
        className="canvas--picked"
        height={342}
        onClick={[Function]}
        onMouseMove={[Function]}
        width={342}
      />
      <label
        className="range--value"
        htmlFor="range-value"
        style={
          Object {
            "width": 114,
          }
        }
      >
        <input
          className="range--value__input"
          in="range-value"
          max="1"
          min="0"
          onChange={[Function]}
          step=".01"
          type="range"
        />
        Value Control
      </label>
    </section>
    <article
      className="color-info"
    >
      <p>
        <span
          className="color-info__sample"
          onClick={[Function]}
          style={
            Object {
              "background": "rgb(72,160,255)",
              "color": "rgb(72,160,255)",
            }
          }
        >
          rgb
        </span>
        rgb(72,160,255)
      </p>
      <p>
        <span
          className="color-info__sample"
          onClick={[Function]}
          style={
            Object {
              "background": "#48a0ff",
              "color": "#48a0ff",
            }
          }
        >
          hex
        </span>
        #48a0ff
      </p>
    </article>
    <form
      className="schemes"
    >
      <label
        className="scheme__label"
        htmlFor="Monochromatic"
      >
        <input
          checked={false}
          id="Monochromatic"
          name="scheme"
          onChange={[Function]}
          type="radio"
          value={1}
        />
        Monochromatic
      </label>
      <label
        className="scheme__label"
        htmlFor="Complementary"
      >
        <input
          checked={true}
          id="Complementary"
          name="scheme"
          onChange={[Function]}
          type="radio"
          value={2}
        />
        Complementary
      </label>
      <label
        className="scheme__label"
        htmlFor="Triadic"
      >
        <input
          checked={false}
          id="Triadic"
          name="scheme"
          onChange={[Function]}
          type="radio"
          value={3}
        />
        Triadic
      </label>
      <label
        className="scheme__label"
        htmlFor="Analogous"
      >
        <input
          checked={false}
          id="Analogous"
          name="scheme"
          onChange={[Function]}
          type="radio"
          value={3.1}
        />
        Analogous
      </label>
      <label
        className="scheme__label"
        htmlFor="Compound"
      >
        <input
          checked={false}
          id="Compound"
          name="scheme"
          onChange={[Function]}
          type="radio"
          value={3.5}
        />
        Compound
      </label>
      <label
        className="scheme__label"
        htmlFor="Tetradic"
      >
        <input
          checked={false}
          id="Tetradic"
          name="scheme"
          onChange={[Function]}
          type="radio"
          value={4}
        />
        Tetradic
      </label>
    </form>
    <section
      className="swatches"
      onClick={[Function]}
    >
      <div
        className="swatches__samples"
      >
        <div
          className="samples__color"
          style={
            Object {
              "background": "#48a0ff",
            }
          }
        />
        <div
          className="samples__color"
          style={
            Object {
              "background": "#ffa748",
            }
          }
        />
      </div>
      <div
        className="swatches__samples"
      >
        <div
          className="samples__color"
          style={
            Object {
              "background": "#004fa3",
            }
          }
        />
        <div
          className="samples__color"
          style={
            Object {
              "background": "#a35500",
            }
          }
        />
      </div>
      <div
        className="swatches__samples"
      >
        <div
          className="samples__color"
          style={
            Object {
              "background": "#00346d",
            }
          }
        />
        <div
          className="samples__color"
          style={
            Object {
              "background": "#6d3900",
            }
          }
        />
      </div>
      <div
        className="swatches__samples"
      >
        <div
          className="samples__color"
          style={
            Object {
              "background": "#002752",
            }
          }
        />
        <div
          className="samples__color"
          style={
            Object {
              "background": "#522a00",
            }
          }
        />
      </div>
      <div
        className="swatches__samples"
      >
        <div
          className="samples__color"
          style={
            Object {
              "background": "#001f41",
            }
          }
        />
        <div
          className="samples__color"
          style={
            Object {
              "background": "#412200",
            }
          }
        />
      </div>
    </section>
    <button
      className="button--css"
      disabled={false}
      onClick={[Function]}
      style={
        Object {
          "cursor": "pointer",
        }
      }
    >
      CSS
    </button>
    
    <label
      className="color-input"
      htmlFor="color-input"
    >
      <input
        className="color-input__element"
        name="color-input"
        onBlur={[Function]}
        onChange={[Function]}
        pattern="^(#[0-9a-f]{3}|#(?:[0-9a-f]{2}){2,4}|(rgb|hsl)a?\\\\((-?\\\\d+%?[,\\\\s]+){2,3}\\\\s*[\\\\d.]+%?\\\\))$"
        placeholder="HEX or RGB"
        type="text"
        value=""
      />
      Color Input
    </label>
  </main>
</div>
`;
